// Jest Snapshot v1, https://goo.gl/fbAQLP

exports[`TabBar should render like the snapshot 1`] = `
<div>
  <div
    class="tab-bar"
  >
    <button
      disabled=""
      role="tab"
      type="button"
    >
      Tab 1
    </button>
    <button
      role="tab"
      type="button"
    >
      Tab 2
    </button>
  </div>
</div>
`;
